04-01 17:20:48.670  8631  8680 D nativeloader: Load /data/app/~~yLJzSrWJm7rm6ngaztwe-Q==/com.iuhconnect-f-BpRX-slZNRpvBI1oNuYA==/lib/x86_64/libyoga.so using class loader ns clns-9 (caller=/data/app/~~yLJzSrWJm7rm6ngaztwe-Q==/com.iuhconnect-f-BpRX-slZNRpvBI1oNuYA==/base.apk): ok
04-01 17:20:48.695  8631  8680 I flipper : flipper: FlipperClient::addPlugin Fresco
04-01 17:20:48.776  8631  8679 D nativeloader: Load /data/app/~~yLJzSrWJm7rm6ngaztwe-Q==/com.iuhconnect-f-BpRX-slZNRpvBI1oNuYA==/lib/x86_64/libreactnativeblob.so using class loader ns clns-9 (caller=/data/app/~~yLJzSrWJm7rm6ngaztwe-Q==/com.iuhconnect-f-BpRX-slZNRpvBI1oNuYA==/base.apk): ok
04-01 17:20:48.789  8631  8680 I com.iuhconnect: AssetManager2(0x7c25e5884f78) locale list changing from [] to [en-US]
04-01 17:20:48.790  8631  8680 I WebViewFactory: Loading com.google.android.webview version 133.0.6943.137 (code 694313738)
04-01 17:20:48.791  8631  8680 I com.iuhconnect: AssetManager2(0x7c25e588f1f8) locale list changing from [] to [en-US]
04-01 17:20:48.791  8631  8680 I com.iuhconnect: AssetManager2(0x7c25e5874f38) locale list changing from [] to [en-US]
04-01 17:20:48.794  8631  8680 I com.iuhconnect: AssetManager2(0x7c25e5875bb8) locale list changing from [] to [en-US]
04-01 17:20:48.795  8631  8680 I com.iuhconnect: AssetManager2(0x7c25e5877e18) locale list changing from [] to [en-US]
04-01 17:20:48.795  8631  8680 V ResourcesManager: The following library key has been added: ResourcesKey{ mHash=7803b795 mResDir=null mSplitDirs=[] mOverlayDirs=[] mLibDirs=[/data/app/~~d6qaSty4g-WXhjCZgs7K7g==/com.google.android.webview-CycxWW0yQ0vpmLtjQza9ZA==/WebViewGoogle.apk,/data/app/~~B-EYAyZ_16o3PQyQTsw1Jg==/com.google.android.trichromelibrary_694313738-iGwmUcx18Q4madtOkgiNeQ==/TrichromeLibrary.apk,/system_ext/framework/androidx.window.extensions.jar] mDisplayId=0 mOverrideConfig=v36 mCompatInfo={420dpi always-compat} mLoaders=[]}
04-01 17:20:48.798  8631  8680 W com.iuhconnect: Failed to find entry 'classes.dex': Entry not found
04-01 17:20:48.799  8631  8680 D nativeloader: Configuring clns-10 for other apk /data/app/~~B-EYAyZ_16o3PQyQTsw1Jg==/com.google.android.trichromelibrary_694313738-iGwmUcx18Q4madtOkgiNeQ==/TrichromeLibrary.apk. target_sdk_version=34, uses_libraries=ALL, library_path=/data/app/~~d6qaSty4g-WXhjCZgs7K7g==/com.google.android.webview-CycxWW0yQ0vpmLtjQza9ZA==/lib/x86_64:/data/app/~~d6qaSty4g-WXhjCZgs7K7g==/com.google.android.webview-CycxWW0yQ0vpmLtjQza9ZA==/WebViewGoogle.apk!/lib/x86_64:/data/app/~~B-EYAyZ_16o3PQyQTsw1Jg==/com.google.android.trichromelibrary_694313738-iGwmUcx18Q4madtOkgiNeQ==/TrichromeLibrary.apk!/lib/x86_64, permitted_path=/data:/mnt/expand
04-01 17:20:48.804  8631  8680 D ApplicationLoaders: Returning zygote-cached class loader: /system_ext/framework/androidx.window.extensions.jar
04-01 17:20:48.807  8631  8680 D nativeloader: Configuring clns-11 for other apk /data/app/~~d6qaSty4g-WXhjCZgs7K7g==/com.google.android.webview-CycxWW0yQ0vpmLtjQza9ZA==/WebViewGoogle.apk. target_sdk_version=34, uses_libraries=, library_path=/data/app/~~d6qaSty4g-WXhjCZgs7K7g==/com.google.android.webview-CycxWW0yQ0vpmLtjQza9ZA==/lib/x86_64:/data/app/~~d6qaSty4g-WXhjCZgs7K7g==/com.google.android.webview-CycxWW0yQ0vpmLtjQza9ZA==/WebViewGoogle.apk!/lib/x86_64:/data/app/~~B-EYAyZ_16o3PQyQTsw1Jg==/com.google.android.trichromelibrary_694313738-iGwmUcx18Q4madtOkgiNeQ==/TrichromeLibrary.apk!/lib/x86_64, permitted_path=/data:/mnt/expand
04-01 17:20:48.832  8631  8680 I cr_WVCFactoryProvider: version=133.0.6943.137 (694313738) minSdkVersion=29 isBundle=false multiprocess=true packageId=2
04-01 17:20:48.851  8631  8680 D nativeloader: Load /data/app/~~B-EYAyZ_16o3PQyQTsw1Jg==/com.google.android.trichromelibrary_694313738-iGwmUcx18Q4madtOkgiNeQ==/TrichromeLibrary.apk!/lib/x86_64/libmonochrome_64.so using class loader ns clns-11 (caller=/data/app/~~d6qaSty4g-WXhjCZgs7K7g==/com.google.android.webview-CycxWW0yQ0vpmLtjQza9ZA==/WebViewGoogle.apk): ok
04-01 17:20:48.854  8631  8680 D nativeloader: Load /system/lib64/libwebviewchromium_plat_support.so using class loader ns clns-11 (caller=/data/app/~~d6qaSty4g-WXhjCZgs7K7g==/com.google.android.webview-CycxWW0yQ0vpmLtjQza9ZA==/WebViewGoogle.apk): ok
04-01 17:20:48.858  8631  8686 E chromium: [0401/172048.858153:ERROR:variations_seed_loader.cc(39)] Seed missing signature.
04-01 17:20:48.859  8631  8686 I chromium: [0401/172048.858965:INFO:variations_seed_loader.cc(67)] Failed to open file for reading.: No such file or directory (2)
04-01 17:20:48.864  8631  8680 I cr_LibraryLoader: Successfully loaded native library
04-01 17:20:48.865  8631  8680 I cr_CachingUmaRecorder: Flushed 6 samples from 6 histograms, 0 samples were dropped.
04-01 17:20:48.938  8631  8679 I ReactNativeJS: Running "IUHConnect" with {"rootTag":11}
04-01 17:20:49.193   727  3783 E TaskPersister: File error accessing recents directory (directory doesn't exist?).
04-01 17:20:49.651  1474  1474 I wpa_supplicant: wlan0: CTRL-EVENT-BEACON-LOSS 
04-01 17:20:50.749  8696  8696 W dumpsys : Thread Pool max thread count is 0. Cannot cache binder as linkToDeath cannot be implemented. serviceName: package
04-01 17:20:50.855  2824  2825 I artd    : GetBestInfo: odex next to the dex file (/data/app/~~muGr5bquQvEmDfNvaxw80Q==/com.google.android.gms-EZtLWbKCGIwscFO3u3KSRA==/oat/x86_64/base.odex) is kOatUpToDate with filter 'speed-profile' executable 'false'
04-01 17:20:50.857  2824  2825 I artd    : GetBestInfo: odex next to the dex file (/data/app/~~muGr5bquQvEmDfNvaxw80Q==/com.google.android.gms-EZtLWbKCGIwscFO3u3KSRA==/oat/x86_64/split_AdsDynamite_installtime.odex) is kOatUpToDate with filter 'speed' executable 'false'
04-01 17:20:50.858  2824  2825 I artd    : GetBestInfo: odex next to the dex file (/data/app/~~muGr5bquQvEmDfNvaxw80Q==/com.google.android.gms-EZtLWbKCGIwscFO3u3KSRA==/oat/x86_64/split_CronetDynamite_installtime.odex) is kOatUpToDate with filter 'speed' executable 'false'
04-01 17:20:50.860  2824  2825 I artd    : GetBestInfo: odex next to the dex file (/data/app/~~muGr5bquQvEmDfNvaxw80Q==/com.google.android.gms-EZtLWbKCGIwscFO3u3KSRA==/oat/x86_64/split_DynamiteLoader_installtime.odex) is kOatUpToDate with filter 'speed' executable 'false'
04-01 17:20:50.861  2824  2825 I artd    : GetBestInfo: odex next to the dex file (/data/app/~~muGr5bquQvEmDfNvaxw80Q==/com.google.android.gms-EZtLWbKCGIwscFO3u3KSRA==/oat/x86_64/split_DynamiteModulesA_installtime.odex) is kOatUpToDate with filter 'speed' executable 'false'
04-01 17:20:50.864  2824  2825 I artd    : GetBestInfo: odex next to the dex file (/data/app/~~muGr5bquQvEmDfNvaxw80Q==/com.google.android.gms-EZtLWbKCGIwscFO3u3KSRA==/oat/x86_64/split_DynamiteModulesC_installtime.odex) is kOatUpToDate with filter 'speed' executable 'false'
04-01 17:20:50.866  2824  2825 I artd    : GetBestInfo: odex next to the dex file (/data/app/~~muGr5bquQvEmDfNvaxw80Q==/com.google.android.gms-EZtLWbKCGIwscFO3u3KSRA==/oat/x86_64/split_GoogleCertificates_installtime.odex) is kOatUpToDate with filter 'speed' executable 'false'
04-01 17:20:50.867  2824  2825 I artd    : GetBestInfo: odex next to the dex file (/data/app/~~muGr5bquQvEmDfNvaxw80Q==/com.google.android.gms-EZtLWbKCGIwscFO3u3KSRA==/oat/x86_64/split_MapsDynamite_installtime.odex) is kOatUpToDate with filter 'speed' executable 'false'
04-01 17:20:50.869  2824  2825 I artd    : GetBestInfo: odex next to the dex file (/data/app/~~muGr5bquQvEmDfNvaxw80Q==/com.google.android.gms-EZtLWbKCGIwscFO3u3KSRA==/oat/x86_64/split_MeasurementDynamite_installtime.odex) is kOatUpToDate with filter 'speed' executable 'false'
04-01 17:20:50.870  2824  2825 I artd    : GetBestInfo: /data/app/~~muGr5bquQvEmDfNvaxw80Q==/com.google.android.gms-EZtLWbKCGIwscFO3u3KSRA==/split_maps_core_dynamite_ondemand.apk has no usable artifacts
04-01 17:20:50.871  2824  2825 I artd    : GetBestInfo: /data/user_de/0/com.google.android.gms/app_chimera/m/0000000c/dl-Appsearch.optional_250834100800.apk has no usable artifacts
04-01 17:20:50.873  2824  2825 I artd    : GetBestInfo: /data/user_de/0/com.google.android.gms/app_chimera/m/00000004/DynamiteModulesC.apk has no usable artifacts
04-01 17:20:50.873  2824  2825 I artd    : GetBestInfo: /data/user_de/0/com.google.android.gms/app_chimera/m/00000001/CronetDynamite.apk has no usable artifacts
04-01 17:20:50.874  2824  2825 I artd    : GetBestInfo: /data/user_de/0/com.google.android.gms/app_chimera/m/00000015/dl-MlkitOcrCommon.optional_261133100800.apk has no usable artifacts
04-01 17:20:50.876  2824  2825 I artd    : GetBestInfo: /data/user_de/0/com.google.android.gms/app_chimera/m/00000002/DynamiteLoader.apk has no usable artifacts
04-01 17:20:50.877  2824  2825 I artd    : GetBestInfo: /data/user_de/0/com.google.android.gms/app_chimera/m/00000005/GoogleCertificates.apk has no usable artifacts
04-01 17:20:50.879  2824  2825 I artd    : GetBestInfo: /data/user_de/0/com.google.android.gms/app_chimera/m/00000012/dl-Appsearch.optional_261133100800.apk has no usable artifacts
04-01 17:20:50.880  2824  2825 I artd    : GetBestInfo: /data/user_de/0/com.google.android.gms/app_chimera/m/00000009/dl-TfliteDynamiteDynamite.integ_252130102100800.apk has no usable artifacts
04-01 17:20:50.881  2824  2825 I artd    : GetBestInfo: /data/user_de/0/com.google.android.gms/app_chimera/m/00000011/dl-PlayCloudSearch.optional_261133100000.apk has no usable artifacts
04-01 17:20:50.882  2824  2825 I artd    : GetBestInfo: /data/user_de/0/com.google.android.gms/app_chimera/m/00000013/dl-MlkitBarcodeUi.optional_261133100800.apk has no usable artifacts
04-01 17:20:50.884  2824  2825 I artd    : GetBestInfo: vdex next to the dex file (/data/user/0/com.google.android.gms/app_dg_cache/E054CA794C125F959C88D4849C82AB3F226237E6/oat/x86_64/the.vdex) is kOatUpToDate with filter 'verify' executable 'false'
04-01 17:20:50.886  2824  2825 I artd    : GetBestInfo: /data/user_de/0/com.google.android.gms/app_chimera/m/00000010/dl-VisionOcr.optional_261133100000.apk has no usable artifacts
04-01 17:20:50.887  2824  2825 I artd    : GetBestInfo: /data/user_de/0/com.google.android.gms/app_chimera/m/0000000d/dl-MlkitOcrCommon.optional_250834100800.apk has no usable artifacts
04-01 17:20:50.888  2824  2825 I artd    : GetBestInfo: vdex next to the dex file (/data/user/0/com.google.android.gms/app_dg_cache/BB2AE5A47BB198AF36C19CFD2B6407061A1BAF30/oat/x86_64/the.vdex) is kOatUpToDate with filter 'verify' executable 'false'
04-01 17:20:50.890  2824  2825 I artd    : GetBestInfo: /data/user_de/0/com.google.android.gms/app_chimera/m/0000000a/dl-MlkitBarcodeUi.optional_250834100800.apk has no usable artifacts
04-01 17:20:50.891  2824  2825 I artd    : GetBestInfo: /data/user_de/0/com.google.android.gms/app_chimera/m/0000000b/dl-VisionOcr.optional_250834100000.apk has no usable artifacts
04-01 17:20:50.893  2824  2825 I artd    : GetBestInfo: vdex next to the dex file (/data/user/0/com.google.android.gms/app_dg_cache/492BB24C67899DCD3E45A896813896109D71DC84/oat/x86_64/the.vdex) is kOatUpToDate with filter 'verify' executable 'false'
04-01 17:20:50.894  2824  2825 I artd    : GetBestInfo: /data/user_de/0/com.google.android.gms/app_chimera/m/00000007/MeasurementDynamite.apk has no usable artifacts
04-01 17:20:50.909   727   740 I system_server: Background concurrent mark compact GC freed 25MB AllocSpace bytes, 18(360KB) LOS objects, 43% free, 31MB/55MB, paused 641us,1.426ms total 146.791ms
04-01 17:20:50.914   727   742 W System  : A resource failed to call release. 
04-01 17:20:51.899  8631  8699 D ProfileInstaller: Installing profile for com.iuhconnect
04-01 17:20:56.260  1414  1689 D SatelliteController: iisInCarrierRoamingNbIotNtn: satellite is disabled
04-01 17:20:57.059  8631  8631 W Choreographer: Frame time is 0.01433 ms in the future!  Check that graphics HAL is generating vsync timestamps using the correct timebase.
04-01 17:20:57.588  1474  1474 I wpa_supplicant: wlan0: CTRL-EVENT-BEACON-LOSS 
04-01 17:20:58.893  8631  8680 D CompatChangeReporter: Compat change id reported: 289878283; UID 10217; state: ENABLED
04-01 17:21:00.076  8631  8631 W Choreographer: Frame time is 0.103977 ms in the future!  Check that graphics HAL is generating vsync timestamps using the correct timebase.
04-01 17:21:00.735  8710  8710 W dumpsys : Thread Pool max thread count is 0. Cannot cache binder as linkToDeath cannot be implemented. serviceName: package
04-01 17:21:00.825  2824  2825 I artd    : GetBestInfo: odex next to the dex file (/data/app/~~muGr5bquQvEmDfNvaxw80Q==/com.google.android.gms-EZtLWbKCGIwscFO3u3KSRA==/oat/x86_64/base.odex) is kOatUpToDate with filter 'speed-profile' executable 'false'
04-01 17:21:00.825  8631  8631 W Choreographer: Frame time is 0.47858 ms in the future!  Check that graphics HAL is generating vsync timestamps using the correct timebase.
04-01 17:21:00.829  2824  2825 I artd    : GetBestInfo: odex next to the dex file (/data/app/~~muGr5bquQvEmDfNvaxw80Q==/com.google.android.gms-EZtLWbKCGIwscFO3u3KSRA==/oat/x86_64/split_AdsDynamite_installtime.odex) is kOatUpToDate with filter 'speed' executable 'false'
04-01 17:21:00.831  2824  2825 I artd    : GetBestInfo: odex next to the dex file (/data/app/~~muGr5bquQvEmDfNvaxw80Q==/com.google.android.gms-EZtLWbKCGIwscFO3u3KSRA==/oat/x86_64/split_CronetDynamite_installtime.odex) is kOatUpToDate with filter 'speed' executable 'false'
04-01 17:21:00.832  2824  2825 I artd    : GetBestInfo: odex next to the dex file (/data/app/~~muGr5bquQvEmDfNvaxw80Q==/com.google.android.gms-EZtLWbKCGIwscFO3u3KSRA==/oat/x86_64/split_DynamiteLoader_installtime.odex) is kOatUpToDate with filter 'speed' executable 'false'
04-01 17:21:00.837  2824  2719 I artd    : GetBestInfo: odex next to the dex file (/data/app/~~muGr5bquQvEmDfNvaxw80Q==/com.google.android.gms-EZtLWbKCGIwscFO3u3KSRA==/oat/x86_64/split_DynamiteModulesA_installtime.odex) is kOatUpToDate with filter 'speed' executable 'false'
04-01 17:21:00.839  2824  2719 I artd    : GetBestInfo: odex next to the dex file (/data/app/~~muGr5bquQvEmDfNvaxw80Q==/com.google.android.gms-EZtLWbKCGIwscFO3u3KSRA==/oat/x86_64/split_DynamiteModulesC_installtime.odex) is kOatUpToDate with filter 'speed' executable 'false'
04-01 17:21:00.841  2824  2719 I artd    : GetBestInfo: odex next to the dex file (/data/app/~~muGr5bquQvEmDfNvaxw80Q==/com.google.android.gms-EZtLWbKCGIwscFO3u3KSRA==/oat/x86_64/split_GoogleCertificates_installtime.odex) is kOatUpToDate with filter 'speed' executable 'false'
04-01 17:21:00.843  2824  2719 I artd    : GetBestInfo: odex next to the dex file (/data/app/~~muGr5bquQvEmDfNvaxw80Q==/com.google.android.gms-EZtLWbKCGIwscFO3u3KSRA==/oat/x86_64/split_MapsDynamite_installtime.odex) is kOatUpToDate with filter 'speed' executable 'false'
04-01 17:21:00.845  2824  2719 I artd    : GetBestInfo: odex next to the dex file (/data/app/~~muGr5bquQvEmDfNvaxw80Q==/com.google.android.gms-EZtLWbKCGIwscFO3u3KSRA==/oat/x86_64/split_MeasurementDynamite_installtime.odex) is kOatUpToDate with filter 'speed' executable 'false'
04-01 17:21:00.847  2824  2719 I artd    : GetBestInfo: /data/app/~~muGr5bquQvEmDfNvaxw80Q==/com.google.android.gms-EZtLWbKCGIwscFO3u3KSRA==/split_maps_core_dynamite_ondemand.apk has no usable artifacts
04-01 17:21:00.848  2824  2719 I artd    : GetBestInfo: /data/user_de/0/com.google.android.gms/app_chimera/m/0000000c/dl-Appsearch.optional_250834100800.apk has no usable artifacts
04-01 17:21:00.850  2824  2719 I artd    : GetBestInfo: /data/user_de/0/com.google.android.gms/app_chimera/m/00000004/DynamiteModulesC.apk has no usable artifacts
04-01 17:21:00.850  2824  2719 I artd    : GetBestInfo: /data/user_de/0/com.google.android.gms/app_chimera/m/00000001/CronetDynamite.apk has no usable artifacts
04-01 17:21:00.852  2824  2719 I artd    : GetBestInfo: /data/user_de/0/com.google.android.gms/app_chimera/m/00000015/dl-MlkitOcrCommon.optional_261133100800.apk has no usable artifacts
04-01 17:21:00.853  2824  2719 I artd    : GetBestInfo: /data/user_de/0/com.google.android.gms/app_chimera/m/00000002/DynamiteLoader.apk has no usable artifacts
04-01 17:21:00.853  2824  2719 I artd    : GetBestInfo: /data/user_de/0/com.google.android.gms/app_chimera/m/00000005/GoogleCertificates.apk has no usable artifacts
04-01 17:21:00.854  2824  2719 I artd    : GetBestInfo: /data/user_de/0/com.google.android.gms/app_chimera/m/00000012/dl-Appsearch.optional_261133100800.apk has no usable artifacts
04-01 17:21:00.856  2824  2719 I artd    : GetBestInfo: /data/user_de/0/com.google.android.gms/app_chimera/m/00000009/dl-TfliteDynamiteDynamite.integ_252130102100800.apk has no usable artifacts
04-01 17:21:00.858  2824  2719 I artd    : GetBestInfo: /data/user_de/0/com.google.android.gms/app_chimera/m/00000011/dl-PlayCloudSearch.optional_261133100000.apk has no usable artifacts
04-01 17:21:00.860  2824  2719 I artd    : GetBestInfo: /data/user_de/0/com.google.android.gms/app_chimera/m/00000013/dl-MlkitBarcodeUi.optional_261133100800.apk has no usable artifacts
04-01 17:21:00.862  2824  2719 I artd    : GetBestInfo: vdex next to the dex file (/data/user/0/com.google.android.gms/app_dg_cache/E054CA794C125F959C88D4849C82AB3F226237E6/oat/x86_64/the.vdex) is kOatUpToDate with filter 'verify' executable 'false'
04-01 17:21:00.865  2824  2719 I artd    : GetBestInfo: /data/user_de/0/com.google.android.gms/app_chimera/m/00000010/dl-VisionOcr.optional_261133100000.apk has no usable artifacts
04-01 17:21:00.866  2824  2719 I artd    : GetBestInfo: /data/user_de/0/com.google.android.gms/app_chimera/m/0000000d/dl-MlkitOcrCommon.optional_250834100800.apk has no usable artifacts
04-01 17:21:00.868  2824  2719 I artd    : GetBestInfo: vdex next to the dex file (/data/user/0/com.google.android.gms/app_dg_cache/BB2AE5A47BB198AF36C19CFD2B6407061A1BAF30/oat/x86_64/the.vdex) is kOatUpToDate with filter 'verify' executable 'false'
04-01 17:21:00.869  2824  2719 I artd    : GetBestInfo: /data/user_de/0/com.google.android.gms/app_chimera/m/0000000a/dl-MlkitBarcodeUi.optional_250834100800.apk has no usable artifacts
04-01 17:21:00.871  2824  2719 I artd    : GetBestInfo: /data/user_de/0/com.google.android.gms/app_chimera/m/0000000b/dl-VisionOcr.optional_250834100000.apk has no usable artifacts
04-01 17:21:00.873  2824  2719 I artd    : GetBestInfo: vdex next to the dex file (/data/user/0/com.google.android.gms/app_dg_cache/492BB24C67899DCD3E45A896813896109D71DC84/oat/x86_64/the.vdex) is kOatUpToDate with filter 'verify' executable 'false'
04-01 17:21:00.874  2824  2719 I artd    : GetBestInfo: /data/user_de/0/com.google.android.gms/app_chimera/m/00000007/MeasurementDynamite.apk has no usable artifacts
04-01 17:21:00.892  8631  8631 W Choreographer: Frame time is 0.381991 ms in the future!  Check that graphics HAL is generating vsync timestamps using the correct timebase.
04-01 17:21:00.908  8631  8631 W Choreographer: Frame time is 0.741137 ms in the future!  Check that graphics HAL is generating vsync timestamps using the correct timebase.
04-01 17:21:00.942  8631  8631 W Choreographer: Frame time is 0.393889 ms in the future!  Check that graphics HAL is generating vsync timestamps using the correct timebase.
04-01 17:21:01.808  8631  8631 W Choreographer: Frame time is 0.870104 ms in the future!  Check that graphics HAL is generating vsync timestamps using the correct timebase.
04-01 17:21:05.779  1474  1474 I wpa_supplicant: wlan0: CTRL-EVENT-BEACON-LOSS 
04-01 17:21:06.261  1414  1689 D SatelliteController: iisInCarrierRoamingNbIotNtn: satellite is disabled
04-01 17:21:07.838  2802  3184 I bbax    : (REDACTED) getHotwordActive::active query: %s, watch: %s, devices connected: %s
